Running tests ...
[1A[KRunning 4 tests in 1 runtime ...
[1A[K[1m[32m4 tests, 23 assertions, 1 runtime ... OK[0m
